---
source: crates/ty_server/tests/e2e/provide_type.rs
assertion_line: 33
expression: provide_type_response
---
Some(
    ProvideTypeResponse {
        ty: "foo.C",
    },
)
