---
source: crates/ty_server/tests/e2e/provide_type.rs
assertion_line: 67
expression: provide_type_response
---
Some(
    ProvideTypeResponse {
        ty: "A.B",
    },
)
